============================= test session starts =============================
platform win32 -- Python 3.13.13, pytest-9.1.0, pluggy-1.6.0 -- C:\Users\Khalid\AppData\Local\Programs\Python\Python313\python.exe
cachedir: .pytest_cache
rootdir: C:\Users\Khalid\Desktop\codePath A110\projects\gameGlitch\ai110-module1show-gameglitchinvestigator-starter
plugins: anyio-4.14.0
collecting ... collected 39 items

test/test_game_logic.py::TestDifficultyLevel::test_known_difficulties[Easy-expected0] PASSED [  2%]
test/test_game_logic.py::TestDifficultyLevel::test_known_difficulties[Normal-expected1] PASSED [  5%]
test/test_game_logic.py::TestDifficultyLevel::test_known_difficulties[Hard-expected2] PASSED [  7%]
test/test_game_logic.py::TestDifficultyLevel::test_range_widens_with_difficulty PASSED [ 10%]
test/test_game_logic.py::TestDifficultyLevel::test_unknown_difficulty_has_default PASSED [ 12%]
test/test_game_logic.py::TestInputValidation::test_empty_input_is_rejected[None] PASSED [ 15%]
test/test_game_logic.py::TestInputValidation::test_empty_input_is_rejected[] PASSED [ 17%]
test/test_game_logic.py::TestInputValidation::test_non_numeric_input_is_rejected[abc] PASSED [ 20%]
test/test_game_logic.py::TestInputValidation::test_non_numeric_input_is_rejected[12a] PASSED [ 23%]
test/test_game_logic.py::TestInputValidation::test_non_numeric_input_is_rejected[ten] PASSED [ 25%]
test/test_game_logic.py::TestInputValidation::test_non_numeric_input_is_rejected[ ] PASSED [ 28%]
test/test_game_logic.py::TestInputValidation::test_valid_integer_is_parsed PASSED [ 30%]
test/test_game_logic.py::TestInputValidation::test_float_string_is_truncated_to_int PASSED [ 33%]
test/test_game_logic.py::TestInputValidation::test_out_of_range_guess_is_rejected[0] PASSED [ 35%]
test/test_game_logic.py::TestInputValidation::test_out_of_range_guess_is_rejected[21] PASSED [ 38%]
test/test_game_logic.py::TestInputValidation::test_out_of_range_guess_is_rejected[100] PASSED [ 41%]
test/test_game_logic.py::TestInputValidation::test_range_boundaries_are_inclusive[1] PASSED [ 43%]
test/test_game_logic.py::TestInputValidation::test_range_boundaries_are_inclusive[20] PASSED [ 46%]
test/test_game_logic.py::TestInputValidation::test_no_range_means_no_range_check PASSED [ 48%]
test/test_game_logic.py::TestAccurateHints::test_correct_guess_wins PASSED [ 51%]
test/test_game_logic.py::TestAccurateHints::test_too_high_points_lower PASSED [ 53%]
test/test_game_logic.py::TestAccurateHints::test_too_low_points_higher PASSED [ 56%]
test/test_game_logic.py::TestAccurateHints::test_string_secret_is_compared_numerically PASSED [ 58%]
test/test_game_logic.py::TestCorrectAttempts::test_winning_sooner_scores_more PASSED [ 61%]
test/test_game_logic.py::TestCorrectAttempts::test_win_score_has_a_floor PASSED [ 64%]
test/test_game_logic.py::TestCorrectAttempts::test_wrong_low_guess_loses_points PASSED [ 66%]
test/test_game_logic.py::TestCorrectAttempts::test_unknown_outcome_leaves_score_unchanged PASSED [ 69%]
test/test_game_logic.py::TestEdgeCases::test_negative_numbers_are_rejected[-5] PASSED [ 71%]
test/test_game_logic.py::TestEdgeCases::test_negative_numbers_are_rejected[-1] PASSED [ 74%]
test/test_game_logic.py::TestEdgeCases::test_negative_numbers_are_rejected[-100] PASSED [ 76%]
test/test_game_logic.py::TestEdgeCases::test_negative_numbers_are_rejected[-3.9] PASSED [ 79%]
test/test_game_logic.py::TestEdgeCases::test_extremely_large_number_does_not_crash PASSED [ 82%]
test/test_game_logic.py::TestEdgeCases::test_tricky_decimal_and_special_floats[.5-Enter a number between 1 and 20.] PASSED [ 84%]
test/test_game_logic.py::TestEdgeCases::test_tricky_decimal_and_special_floats[1e2-That is not a number.] PASSED [ 87%]
test/test_game_logic.py::TestEdgeCases::test_tricky_decimal_and_special_floats[inf-That is not a number.] PASSED [ 89%]
test/test_game_logic.py::TestEdgeCases::test_tricky_decimal_and_special_floats[nan-That is not a number.] PASSED [ 92%]
tests/test_game_logic.py::test_winning_guess PASSED                      [ 94%]
tests/test_game_logic.py::test_guess_too_high PASSED                     [ 97%]
tests/test_game_logic.py::test_guess_too_low PASSED                      [100%]

============================= 39 passed in 0.06s ==============================
